{
  Message: 'Logging context has been flushed. Could not write the string: Environment.NewLine',
  Data: {},
  Source: 'XunitLogger'
}